---
source: crates/forge_app/src/orch_spec/orch_system_spec.rs
expression: system_messages
---
You are Forge

<project_guidelines>
Do it nicely
</project_guidelines>

<additional_rules>
- Always follow all the `project_guidelines` without exception.
</additional_rules>

<system_information>
<operating_system>MacOS</operating_system>
<current_working_directory>/Users/tushar</current_working_directory>
<default_shell>bash</default_shell>
<home_directory>/Users/tushar</home_directory>
<file_list>
 - /users/john/foo.txt
 - /users/jason/bar.txt
</file_list>
</system_information>
