---
source: crates/forge_repo/src/provider/openai_responses/request.rs
expression: actual.tools
---
[
  {
    "type": "function",
    "name": "shell",
    "parameters": {
      "type": "object",
      "properties": {
        "zebra": {
          "type": "string"
        },
        "alpha": {
          "type": "string"
        },
        "output_mode": {
          "description": "Output mode",
          "anyOf": [
            {
              "enum": [
                "content",
                "count"
              ],
              "type": "string"
            },
            {
              "type": "null"
            }
          ]
        }
      },
      "additionalProperties": false,
      "required": [
        "alpha",
        "output_mode",
        "zebra"
      ]
    },
    "strict": true,
    "description": "Run a shell command"
  },
  {
    "type": "web_search"
  }
]
