---
source: crates/forge_app/src/compact_transform.rs
expression: rounds
---
- - before compaction
  - - "[System] Message 1"
    - "[User] Message 2"
    - "[Assistant] Message 3"
    - "[User] Message 4"
    - "[Assistant] Message 5"
    - "[User] Message 6"
    - "[Assistant] Message 7"
    - "[User] Message 8"
- - request 1
  - - "[System] Message 1"
    - "[User] Message 2"
    - "[Compacted]"
    - "[Assistant] Message 7"
    - "[User] Message 8"
- - request 2
  - - "[System] Message 1"
    - "[User] Message 2"
    - "[Compacted]"
    - "[Compacted]"
    - "[User] Question 2"
    - "[Assistant] Answer 2"
- - request 3
  - - "[System] Message 1"
    - "[User] Message 2"
    - "[Compacted]"
    - "[Compacted]"
    - "[User] Question 2"
    - "[Compacted]"
    - "[User] Question 3"
    - "[Assistant] Answer 3"
- - request 4
  - - "[System] Message 1"
    - "[User] Message 2"
    - "[Compacted]"
    - "[Compacted]"
    - "[User] Question 2"
    - "[Compacted]"
    - "[User] Question 3"
    - "[Compacted]"
    - "[User] Question 4"
    - "[Assistant] Answer 4"
- - request 5
  - - "[System] Message 1"
    - "[User] Message 2"
    - "[Compacted]"
    - "[Compacted]"
    - "[User] Question 2"
    - "[Compacted]"
    - "[User] Question 3"
    - "[Compacted]"
    - "[User] Question 4"
    - "[Compacted]"
    - "[User] Question 5"
    - "[Assistant] Answer 5"
