---
source: crates/forge_app/src/tool_registry.rs
expression: format_tool_output(actual)
---
aaaaaaaaaaaaaaaaaaaaaaaaaaaaaaaaaaaaaaaaaaaaaaaaaaaaaaaaaaaa
---
<mcp_output
  start_char="0"
  end_char="40"
  total_chars="60"
  file_path="[TEMP_FILE]"
>
<body><![CDATA[bbbbbbbbbbbbbbbbbbbbbbbbbbbbbbbbbbbbbbbb]]></body>
<truncated>Content is truncated to 40 chars, remaining content can be read from path: [TEMP_FILE]</truncated>
</mcp_output>
