---
source: crates/forge_app/src/operation.rs
expression: to_value(actual)
---
# File Diff

- **Path**: /home/user/large_file.txt
- **Total Lines**: 3

```
1 1 | line1
  2 |+new line
2 3 | line2
```

## Warning

### Message

Syntax validation failed

### File

- **Path**: /home/user/large_file.txt

### Details

The file was written successfully but contains 1 syntax error(s)

### Error

- **Line**: 5
- **Column**: 10

```
Invalid syntax
```

### Suggestion

Review and fix the syntax issues
