---
source: crates/forge_app/src/operation.rs
expression: to_value(actual)
---
<h2>File: `/home/user/large_file.txt`</h2>
Lines 1-100 of 1 total
<code_block><![CDATA[1:Truncated content]]></code_block><file
  path="/home/user/large_file.txt"
  display_lines="1-100"
  total_lines="1"
><![CDATA[1:Truncated content]]>
</file>
