---
source: crates/forge_app/src/operation.rs
expression: to_value(actual)
---
# File Created

- **Path**: /home/user/file_with_warning.txt
- **Total Lines**: 1

## Warning

### Message

Syntax validation failed

### File

- **Path**: /home/user/file_with_warning.txt

### Details

The file was written successfully but contains 1 syntax error(s)

### Error

- **Line**: 10
- **Column**: 5

```
Syntax error on line 10
```

### Suggestion

Review and fix the syntax issues
