---
source: crates/forge_app/src/operation.rs
expression: to_value(actual)
---
# Skill Details

## Command

- **Location**: /home/user/.forge/skills/test-skill

```
This is a test skill command with instructions
```

## Resource

```
/home/user/.forge/skills/test-skill/resource1.txt
```

## Resource

```
/home/user/.forge/skills/test-skill/resource2.md
```
