---
source: crates/forge_app/src/compact.rs
expression: actual
---
Use the following summary as the authoritative reference for all coding suggestions and decisions. Do not re-explain or revisit it unless I ask.

---
## Summary
### 1. User
- _"Analyze authentication system"_


### 2. Assistant
- Read: `/src/auth.rs`
- Read: `/src/config.rs`

### 3. User
- _"Refactor the authentication logic"_


### 4. Assistant
- _"Refactored authentication logic"_
- Updated: `/src/auth.rs`
- _"Updated configuration"_
- Updated: `/src/config.rs`

### 5. User
- _"Add tests for authentication"_


### 6. Assistant
- Read: `/tests/auth_test.rs`
- _"Created new test file"_
- Updated: `/tests/auth_test.rs`

### 7. User
- _"Remove deprecated authentication files"_


### 8. Assistant
- Deleted: `/src/old_auth.rs`
- Deleted: `/src/deprecated.rs`

---

Proceed with implementation based on this context.
