---
source: crates/forge_app/src/compact_transform.rs
expression: cases
---
- - 4 messages
  - - "[User] Message 1"
    - "[Compacted]"
- - 8 messages
  - - "[User] Message 1"
    - "[Compacted]"
    - "[Assistant] Message 8"
- - 12 messages
  - - "[User] Message 1"
    - "[Compacted]"
    - "[User] Message 11"
    - "[Assistant] Message 12"
- - with system
  - - "[System] Message 1"
    - "[User] Message 2"
    - "[Compacted]"
    - "[Assistant] Message 11"
    - "[User] Message 12"
