---
source: crates/forge_app/src/operation.rs
expression: to_value(actual)
---
# Search Results

- **Path**: /home/user/project
- **Max Bytes Allowed**: 1049
- **Total Lines**: 1
- **Display Lines**: 0-0
- **Pattern**: Search
- **Glob**: *.txt
- **Reason**: Results truncated due to exceeding the 1049 bytes size limit. please use a more specific search pattern

```

```
