---
source: crates/forge_app/src/compact_transform.rs
expression: rounds
---
- - request 1
  - - "[System] Message 1"
    - "[Assistant] Message 2"
    - "[User] Message 3"
    - "[Assistant] Message 4"
    - "[User] Message 5"
- - request 1
  - - "[System] Message 1"
    - "[Assistant] Message 2"
    - "[User] Message 3"
    - "[Assistant] Message 4"
    - "[User] Message 5"
    - "[Assistant] Message 6"
    - "[User] Message 7"
- - request 2
  - - "[System] Message 1"
    - "[Assistant] Message 2"
    - "[User] Message 3"
    - "[Assistant] Message 4"
    - "[User] Message 5"
    - "[Assistant] Message 6"
    - "[User] Message 7"
    - "[Assistant] Message 8"
    - "[User] Message 9"
- - request 3
  - - "[System] Message 1"
    - "[Compacted]"
    - "[User] Message 9"
    - "[Assistant] Message 10"
    - "[User] Message 11"
- - request 4
  - - "[System] Message 1"
    - "[Compacted]"
    - "[User] Message 9"
    - "[Assistant] Message 10"
    - "[User] Message 11"
    - "[Assistant] Message 12"
    - "[User] Message 13"
- - request 5
  - - "[System] Message 1"
    - "[Compacted]"
    - "[User] Message 9"
    - "[Assistant] Message 10"
    - "[User] Message 11"
    - "[Assistant] Message 12"
    - "[User] Message 13"
    - "[Assistant] Message 14"
    - "[User] Message 15"
