---
source: crates/forge_app/src/operation.rs
expression: to_value(actual)
---
# Shell Output

- **Command**: Line_test_command
- **Shell**: /bin/bash
- **Exit Code**: 0

## Stdout

- **Total Lines**: 15
- **Full Output**: /tmp/stdout_content.txt

```
stdout 1
stdout 2
stdout 3
stdout 4
stdout 5
stdout 6
stdout 7
stdout 8
stdout 9
stdout 10
stdout 11
stdout 12
stdout 13
stdout 14
stdout 15
```

## Stderr

- **Total Lines**: 12
- **Full Output**: /tmp/stderr_content.txt

```
stderr 1
stderr 2
stderr 3
stderr 4
stderr 5
stderr 6
stderr 7
stderr 8
stderr 9
stderr 10
stderr 11
stderr 12
```
