---
source: crates/forge_domain/src/transformer/drop_reasoning_details.rs
expression: snapshot
---
transformation: DropReasoningDetails
before:
  messages:
    - message:
        text:
          role: User
          content: User message with reasoning
          reasoning_details:
            - text: I need to think about this
              signature: ~
              data: ~
              id: ~
              format: ~
              index: ~
              type_of: ~
    - message:
        text:
          role: Assistant
          content: Assistant response with reasoning
          reasoning_details:
            - text: I need to think about this
              signature: ~
              data: ~
              id: ~
              format: ~
              index: ~
              type_of: ~
after:
  messages:
    - message:
        text:
          role: User
          content: User message with reasoning
    - message:
        text:
          role: Assistant
          content: Assistant response with reasoning
