---
source: crates/forge_domain/src/transformer/reasoning_normalizer.rs
expression: snapshot
---
transformation: ReasoningNormalizer_first_no_reasoning
before:
  messages:
    - message:
        text:
          role: User
          content: User message
    - message:
        text:
          role: Assistant
          content: First assistant without reasoning
    - message:
        text:
          role: Assistant
          content: Second assistant with reasoning
          reasoning_details:
            - text: Complex reasoning process
              signature: ~
              data: ~
              id: ~
              format: ~
              index: ~
              type_of: ~
    - message:
        text:
          role: Assistant
          content: Third assistant with reasoning
          reasoning_details:
            - text: Complex reasoning process
              signature: ~
              data: ~
              id: ~
              format: ~
              index: ~
              type_of: ~
  reasoning:
    enabled: true
after:
  messages:
    - message:
        text:
          role: User
          content: User message
    - message:
        text:
          role: Assistant
          content: First assistant without reasoning
    - message:
        text:
          role: Assistant
          content: Second assistant with reasoning
    - message:
        text:
          role: Assistant
          content: Third assistant with reasoning
